###############################################################################
#
# IAR ELF Linker V8.11.2.13589/W32 for ARM                11/Jun/2017  11:15:26
# Copyright 2007-2017 IAR Systems AB.
#
#    Output file  =  
#        C:\Users\dimka\Documents\GitHub\stm32-iar\epd-test\Debug\Exe\epd-test.out
#    Map file     =  
#        C:\Users\dimka\Documents\GitHub\stm32-iar\epd-test\Debug\List\epd-test.map
#    Command line =  
#        -f C:\Users\dimka\AppData\Local\Temp\EW3592.tmp
#        (C:\Users\dimka\Documents\GitHub\stm32-iar\epd-test\Debug\Obj\main.o
#        -o
#        C:\Users\dimka\Documents\GitHub\stm32-iar\epd-test\Debug\Exe\epd-test.out
#        --redirect _Printf=_PrintfFullNoMb --redirect _Scanf=_ScanfFullNoMb
#        --map
#        C:\Users\dimka\Documents\GitHub\stm32-iar\epd-test\Debug\List\epd-test.map
#        --config "C:\Program Files (x86)\IAR Systems\Embedded Workbench
#        8.0\arm\config\linker\ST\stm32l053x8.icf" --semihosting --entry
#        __iar_program_start --vfe --text_out locale)
#
###############################################################################

*******************************************************************************
*** RUNTIME MODEL ATTRIBUTES
***

CppFlavor       = *
__SystemLibrary = DLib
__dlib_version  = 6


*******************************************************************************
*** HEAP SELECTION
***

The basic heap was selected because some modules are built with
size limitations (and not runtime checking), and --advanced_heap
was not specified.


*******************************************************************************
*** PLACEMENT SUMMARY
***

"A0":  place at 0x08000000 { ro section .intvec };
"P1":  place in [from 0x08000000 to 0x0800ffff] { ro };
define block CSTACK with size = 1K, alignment = 8 { };
define block HEAP with size = 2K, alignment = 8 { };
"P2":  place in [from 0x20000000 to 0x20001fff] {
          rw, block CSTACK, block HEAP };

  Section   Kind        Address   Size  Object
  -------   ----        -------   ----  ------
"A0":                             0x40
  .intvec   ro code  0x08000000   0x40  vector_table_M.o [4]
                   - 0x08000040   0x40

"P1":                             0x58
  .text     ro code  0x08000040   0x1a  cmain.o [4]
  .text     ro code  0x0800005a    0x4  low_level_init.o [3]
  .text     ro code  0x0800005e    0x4  main.o [1]
  .text     ro code  0x08000062    0x8  exit.o [3]
  .text     ro code  0x0800006a    0x2  vector_table_M.o [4]
  .text     ro code  0x0800006c    0xa  cexit.o [4]
  .text     ro code  0x08000078   0x14  exit.o [5]
  .text     ro code  0x0800008c    0xc  cstartup_M.o [4]
                   - 0x08000098   0x58

"P2":                            0x400
  CSTACK             0x20000000  0x400  <Block>
    CSTACK  uninit   0x20000000  0x400  <Block tail>
                   - 0x20000400  0x400



*******************************************************************************
*** MODULE SUMMARY
***

    Module            ro code  rw data
    ------            -------  -------
C:\Users\dimka\Documents\GitHub\stm32-iar\epd-test\Debug\Obj: [1]
    main.o                  4
    ----------------------------------
    Total:                  4

command line: [2]
    ----------------------------------
    Total:

dl6M_tln.a: [3]
    exit.o                  8
    low_level_init.o        4
    ----------------------------------
    Total:                 12

rt6M_tl.a: [4]
    cexit.o                10
    cmain.o                26
    cstartup_M.o           12
    vector_table_M.o       66
    ----------------------------------
    Total:                114

shb_l.a: [5]
    exit.o                 20
    ----------------------------------
    Total:                 20

    Gaps                    2
    Linker created               1 024
--------------------------------------
    Grand Total:          152    1 024


*******************************************************************************
*** ENTRY LIST
***

Entry                      Address  Size  Type      Object
-----                      -------  ----  ----      ------
?main                   0x08000041        Code  Gb  cmain.o [4]
CSTACK$$Base            0x20000000         --   Gb  - Linker created -
CSTACK$$Limit           0x20000400         --   Gb  - Linker created -
Region$$Table$$Base     0x00000000         --   Gb  - Linker created -
Region$$Table$$Limit    0x00000000         --   Gb  - Linker created -
__cmain                 0x08000041        Code  Gb  cmain.o [4]
__exit                  0x08000079  0x14  Code  Gb  exit.o [5]
__iar_program_start     0x0800008d        Code  Gb  cstartup_M.o [4]
__iar_systems$$module {Abs}
                        0x00000001        Data  Gb  command line/config [2]
__low_level_init        0x0800005b   0x4  Code  Gb  low_level_init.o [3]
__vector_table          0x08000000        Data  Gb  vector_table_M.o [4]
_call_main              0x0800004d        Code  Gb  cmain.o [4]
_exit                   0x0800006d        Code  Gb  cexit.o [4]
_main                   0x08000057        Code  Gb  cmain.o [4]
exit                    0x08000063   0x8  Code  Gb  exit.o [3]
main                    0x0800005f   0x4  Code  Gb  main.o [1]


[1] = C:\Users\dimka\Documents\GitHub\stm32-iar\epd-test\Debug\Obj
[2] = command line
[3] = dl6M_tln.a
[4] = rt6M_tl.a
[5] = shb_l.a

    152 bytes of readonly  code memory
  1 024 bytes of readwrite data memory

Errors: none
Warnings: none
