###############################################################################
#
# IAR ELF Linker V8.11.2.13589/W32 for ARM                02/Jul/2017  18:11:57
# Copyright 2007-2017 IAR Systems AB.
#
#    Output file  =  
#        C:\Users\dimka\Documents\GitHub\stm32-iar\gooddisplay2\EWARM\gooddisplay2\Exe\gooddisplay2.out
#    Map file     =  
#        C:\Users\dimka\Documents\GitHub\stm32-iar\gooddisplay2\EWARM\gooddisplay2\List\gooddisplay2.map
#    Command line =  
#        -f C:\Users\dimka\AppData\Local\Temp\EW7316.tmp
#        (C:\Users\dimka\Documents\GitHub\stm32-iar\gooddisplay2\EWARM\gooddisplay2\Obj\Display_EPD_W21.o
#        C:\Users\dimka\Documents\GitHub\stm32-iar\gooddisplay2\EWARM\gooddisplay2\Obj\Display_EPD_W21_spi.o
#        C:\Users\dimka\Documents\GitHub\stm32-iar\gooddisplay2\EWARM\gooddisplay2\Obj\main.o
#        C:\Users\dimka\Documents\GitHub\stm32-iar\gooddisplay2\EWARM\gooddisplay2\Obj\startup_stm32l053xx.o
#        C:\Users\dimka\Documents\GitHub\stm32-iar\gooddisplay2\EWARM\gooddisplay2\Obj\stm32l0xx_hal.o
#        C:\Users\dimka\Documents\GitHub\stm32-iar\gooddisplay2\EWARM\gooddisplay2\Obj\stm32l0xx_hal_cortex.o
#        C:\Users\dimka\Documents\GitHub\stm32-iar\gooddisplay2\EWARM\gooddisplay2\Obj\stm32l0xx_hal_dma.o
#        C:\Users\dimka\Documents\GitHub\stm32-iar\gooddisplay2\EWARM\gooddisplay2\Obj\stm32l0xx_hal_flash.o
#        C:\Users\dimka\Documents\GitHub\stm32-iar\gooddisplay2\EWARM\gooddisplay2\Obj\stm32l0xx_hal_flash_ex.o
#        C:\Users\dimka\Documents\GitHub\stm32-iar\gooddisplay2\EWARM\gooddisplay2\Obj\stm32l0xx_hal_flash_ramfunc.o
#        C:\Users\dimka\Documents\GitHub\stm32-iar\gooddisplay2\EWARM\gooddisplay2\Obj\stm32l0xx_hal_gpio.o
#        C:\Users\dimka\Documents\GitHub\stm32-iar\gooddisplay2\EWARM\gooddisplay2\Obj\stm32l0xx_hal_i2c.o
#        C:\Users\dimka\Documents\GitHub\stm32-iar\gooddisplay2\EWARM\gooddisplay2\Obj\stm32l0xx_hal_i2c_ex.o
#        C:\Users\dimka\Documents\GitHub\stm32-iar\gooddisplay2\EWARM\gooddisplay2\Obj\stm32l0xx_hal_msp.o
#        C:\Users\dimka\Documents\GitHub\stm32-iar\gooddisplay2\EWARM\gooddisplay2\Obj\stm32l0xx_hal_pwr.o
#        C:\Users\dimka\Documents\GitHub\stm32-iar\gooddisplay2\EWARM\gooddisplay2\Obj\stm32l0xx_hal_pwr_ex.o
#        C:\Users\dimka\Documents\GitHub\stm32-iar\gooddisplay2\EWARM\gooddisplay2\Obj\stm32l0xx_hal_rcc.o
#        C:\Users\dimka\Documents\GitHub\stm32-iar\gooddisplay2\EWARM\gooddisplay2\Obj\stm32l0xx_hal_rcc_ex.o
#        C:\Users\dimka\Documents\GitHub\stm32-iar\gooddisplay2\EWARM\gooddisplay2\Obj\stm32l0xx_hal_tim.o
#        C:\Users\dimka\Documents\GitHub\stm32-iar\gooddisplay2\EWARM\gooddisplay2\Obj\stm32l0xx_hal_tim_ex.o
#        C:\Users\dimka\Documents\GitHub\stm32-iar\gooddisplay2\EWARM\gooddisplay2\Obj\stm32l0xx_it.o
#        C:\Users\dimka\Documents\GitHub\stm32-iar\gooddisplay2\EWARM\gooddisplay2\Obj\system_stm32l0xx.o
#        --redirect _Printf=_PrintfFull --redirect _Scanf=_ScanfFull -o
#        C:\Users\dimka\Documents\GitHub\stm32-iar\gooddisplay2\EWARM\gooddisplay2\Exe\gooddisplay2.out
#        --map
#        C:\Users\dimka\Documents\GitHub\stm32-iar\gooddisplay2\EWARM\gooddisplay2\List\gooddisplay2.map
#        --config
#        C:\Users\dimka\Documents\GitHub\stm32-iar\gooddisplay2\EWARM/stm32l053xx_flash.icf
#        --semihosting --entry __iar_program_start --vfe --text_out locale)
#
###############################################################################

*******************************************************************************
*** RUNTIME MODEL ATTRIBUTES
***

CppFlavor       = *
__SystemLibrary = DLib
__dlib_version  = 6


*******************************************************************************
*** HEAP SELECTION
***

The basic heap was selected because some modules are built with
size limitations (and not runtime checking), and --advanced_heap
was not specified.


*******************************************************************************
*** PLACEMENT SUMMARY
***

"A0":  place at 0x08000000 { ro section .intvec };
"P1":  place in [from 0x08000000 to 0x0800ffff] { ro };
define block CSTACK with size = 1K, alignment = 8 { };
define block HEAP with size = 512, alignment = 8 { };
"P2":  place in [from 0x20000000 to 0x20001fff] {
          rw, block CSTACK, block HEAP };
initialize by copy { rw };

  Section            Kind        Address    Size  Object
  -------            ----        -------    ----  ------
"A0":                                       0xc0
  .intvec            ro code  0x08000000    0xc0  startup_stm32l053xx.o [1]
                            - 0x080000c0    0xc0

"P1":                                     0x37d4
  .text              ro code  0x080000c0  0x29f8  Display_EPD_W21.o [1]
  .text              ro code  0x08002ab8    0x94  Display_EPD_W21_spi.o [1]
  .text              ro code  0x08002b4c   0x1cc  stm32l0xx_hal_gpio.o [1]
  .text              ro code  0x08002d18   0x70c  stm32l0xx_hal_rcc.o [1]
  .text              ro code  0x08003424     0xc  stm32l0xx_hal.o [1]
  .text              ro code  0x08003430    0x28  stm32l0xx_hal.o [1]
  .text              ro code  0x08003458    0x36  I32DivMod.o [4]
  .text              ro code  0x0800348e     0x2  startup_stm32l053xx.o [1]
  .text              ro code  0x08003490    0x92  stm32l0xx_hal_cortex.o [1]
  .text              ro code  0x08003522     0x2  startup_stm32l053xx.o [1]
  .text              ro code  0x08003524     0x2  IntDivZer.o [4]
  .text              ro code  0x08003526     0x2  startup_stm32l053xx.o [1]
  .text              ro code  0x08003528   0x170  main.o [1]
  .text              ro code  0x08003698    0x20  stm32l0xx_hal.o [1]
  .text              ro code  0x080036b8    0x40  stm32l0xx_hal_msp.o [1]
  .text              ro code  0x080036f8    0x74  system_stm32l0xx.o [1]
  .text              ro code  0x0800376c    0x30  copy_init3.o [4]
  .text              ro code  0x0800379c    0x28  data_init.o [4]
  .iar.init_table    const    0x080037c4    0x14  - Linker created -
  .text              ro code  0x080037d8    0x1a  cmain.o [4]
  .text              ro code  0x080037f2     0x4  low_level_init.o [3]
  .text              ro code  0x080037f6     0x8  exit.o [3]
  .text              ro code  0x080037fe     0x2  startup_stm32l053xx.o [1]
  .text              ro code  0x08003800     0xa  cexit.o [4]
  .text              ro code  0x0800380a     0x2  startup_stm32l053xx.o [1]
  .text              ro code  0x0800380c    0x14  exit.o [5]
  .text              ro code  0x08003820    0x14  stm32l0xx_it.o [1]
  .text              ro code  0x08003834    0x10  stm32l0xx_hal.o [1]
  .text              ro code  0x08003844    0x10  startup_stm32l053xx.o [1]
  .text              ro code  0x08003854     0xc  cstartup_M.o [4]
  Initializer bytes  const    0x08003860     0x8  <for P2-1>
  .text              ro code  0x08003868     0x2  startup_stm32l053xx.o [1]
  .text              ro code  0x0800386a     0x2  startup_stm32l053xx.o [1]
  .text              ro code  0x0800386c     0x2  startup_stm32l053xx.o [1]
  .text              ro code  0x0800386e     0x2  startup_stm32l053xx.o [1]
  .text              ro code  0x08003870     0x2  startup_stm32l053xx.o [1]
  .text              ro code  0x08003872     0x2  startup_stm32l053xx.o [1]
  .text              ro code  0x08003874     0x2  startup_stm32l053xx.o [1]
  .text              ro code  0x08003876     0x2  startup_stm32l053xx.o [1]
  .text              ro code  0x08003878     0x2  startup_stm32l053xx.o [1]
  .text              ro code  0x0800387a     0x2  startup_stm32l053xx.o [1]
  .text              ro code  0x0800387c     0x2  startup_stm32l053xx.o [1]
  .text              ro code  0x0800387e     0x2  startup_stm32l053xx.o [1]
  .text              ro code  0x08003880     0x2  startup_stm32l053xx.o [1]
  .text              ro code  0x08003882     0x2  startup_stm32l053xx.o [1]
  .text              ro code  0x08003884     0x2  startup_stm32l053xx.o [1]
  .text              ro code  0x08003886     0x2  startup_stm32l053xx.o [1]
  .text              ro code  0x08003888     0x2  startup_stm32l053xx.o [1]
  .text              ro code  0x0800388a     0x2  startup_stm32l053xx.o [1]
  .text              ro code  0x0800388c     0x2  startup_stm32l053xx.o [1]
  .text              ro code  0x0800388e     0x2  startup_stm32l053xx.o [1]
  .text              ro code  0x08003890     0x2  startup_stm32l053xx.o [1]
  .text              ro code  0x08003892     0x2  startup_stm32l053xx.o [1]
  .rodata            const    0x08003894     0x0  copy_init3.o [4]
                            - 0x08003894  0x37d4

"P2", part 1 of 2:                           0x8
  P2-1                        0x20000000     0x8  <Init block>
    .data            inited   0x20000000     0x4  system_stm32l0xx.o [1]
    .bss             inited   0x20000004     0x4  stm32l0xx_hal.o [1]
                            - 0x20000008     0x8

"P2", part 2 of 2:                         0x400
  CSTACK                      0x20000008   0x400  <Block>
    CSTACK           uninit   0x20000008   0x400  <Block tail>
                            - 0x20000408   0x400


*******************************************************************************
*** INIT TABLE
***

          Address     Size
          -------     ----
Copy (__iar_copy_init3)
    1 source range, total size 0x8:
          0x08003860   0x8
    1 destination range, total size 0x8:
          0x20000000   0x8



*******************************************************************************
*** MODULE SUMMARY
***

    Module                  ro code  ro data  rw data
    ------                  -------  -------  -------
C:\Users\dimka\Documents\GitHub\stm32-iar\gooddisplay2\EWARM\gooddisplay2\Obj: [1]
    Display_EPD_W21.o        10 744
    Display_EPD_W21_spi.o       148
    main.o                      368
    startup_stm32l053xx.o       262
    stm32l0xx_hal.o             100        4        4
    stm32l0xx_hal_cortex.o      146
    stm32l0xx_hal_gpio.o        460
    stm32l0xx_hal_msp.o          64
    stm32l0xx_hal_rcc.o       1 804
    stm32l0xx_it.o               20
    system_stm32l0xx.o          116        4        4
    -------------------------------------------------
    Total:                   14 232        8        8

command line: [2]
    -------------------------------------------------
    Total:

dl6M_tlf.a: [3]
    exit.o                        8
    low_level_init.o              4
    -------------------------------------------------
    Total:                       12

rt6M_tl.a: [4]
    I32DivMod.o                  54
    IntDivZer.o                   2
    cexit.o                      10
    cmain.o                      26
    copy_init3.o                 48
    cstartup_M.o                 12
    data_init.o                  40
    -------------------------------------------------
    Total:                      192

shb_l.a: [5]
    exit.o                       20
    -------------------------------------------------
    Total:                       20

    Linker created                        20    1 024
-----------------------------------------------------
    Grand Total:             14 456       28    1 032


*******************************************************************************
*** ENTRY LIST
***

Entry                      Address    Size  Type      Object
-----                      -------    ----  ----      ------
.iar.init_table$$Base   0x080037c4           --   Gb  - Linker created -
.iar.init_table$$Limit  0x080037d8           --   Gb  - Linker created -
?main                   0x080037d9          Code  Gb  cmain.o [4]
AHBPrescTable           0x08003750    0x10  Data  Gb  system_stm32l0xx.o [1]
CSTACK$$Base            0x20000008           --   Gb  - Linker created -
CSTACK$$Limit           0x20000408           --   Gb  - Linker created -
EPD_W21_Init            0x080000c1    0x20  Code  Gb  Display_EPD_W21.o [1]
EPD_W21_WriteCMD        0x08002b05    0x18  Code  Gb  Display_EPD_W21_spi.o [1]
EPD_W21_WriteDATA       0x08002b1d    0x16  Code  Gb  Display_EPD_W21_spi.o [1]
EpdDisplay              0x080000f7    0xfc  Code  Gb  Display_EPD_W21.o [1]
G_Ultrachip             0x080003a8  0x2710  Data  Gb  Display_EPD_W21.o [1]
HAL_GPIO_Init           0x08002b4d   0x18a  Code  Gb  stm32l0xx_hal_gpio.o [1]
HAL_GPIO_ReadPin        0x08002cd7     0xc  Code  Gb  stm32l0xx_hal_gpio.o [1]
HAL_GPIO_TogglePin      0x08002cf3     0x8  Code  Gb  stm32l0xx_hal_gpio.o [1]
HAL_GPIO_WritePin       0x08002ce3    0x10  Code  Gb  stm32l0xx_hal_gpio.o [1]
HAL_GetTick             0x08003425     0xc  Code  Wk  stm32l0xx_hal.o [1]
HAL_IncTick             0x08003835    0x10  Code  Wk  stm32l0xx_hal.o [1]
HAL_Init                0x08003699    0x1a  Code  Gb  stm32l0xx_hal.o [1]
HAL_InitTick            0x08003431    0x28  Code  Wk  stm32l0xx_hal.o [1]
HAL_MspInit             0x080036b9    0x40  Code  Gb  stm32l0xx_hal_msp.o [1]
HAL_NVIC_SetPriority    0x080034c5     0x8  Code  Gb  stm32l0xx_hal_cortex.o [1]
HAL_RCC_ClockConfig     0x0800319d   0x16a  Code  Gb  stm32l0xx_hal_rcc.o [1]
HAL_RCC_GetHCLKFreq     0x08003381     0x6  Code  Gb  stm32l0xx_hal_rcc.o [1]
HAL_RCC_GetSysClockFreq
                        0x08003315    0x6c  Code  Gb  stm32l0xx_hal_rcc.o [1]
HAL_RCC_OscConfig       0x08002d19   0x46c  Code  Gb  stm32l0xx_hal_rcc.o [1]
HAL_SYSTICK_CLKSourceConfig
                        0x080034f5    0x18  Code  Gb  stm32l0xx_hal_cortex.o [1]
HAL_SYSTICK_Config      0x080034cd    0x28  Code  Gb  stm32l0xx_hal_cortex.o [1]
HAL_SYSTICK_IRQHandler  0x0800350d     0x8  Code  Gb  stm32l0xx_hal_cortex.o [1]
HardFault_Handler       0x08003823     0x2  Code  Gb  stm32l0xx_it.o [1]
MX_GPIO_Init            0x080035c7    0xb8  Code  Lc  main.o [1]
NMI_Handler             0x08003821     0x2  Code  Gb  stm32l0xx_it.o [1]
NVIC_SetPriority        0x08003491    0x34  Code  Lc  stm32l0xx_hal_cortex.o [1]
PLLMulTable             0x08003760     0xc  Data  Gb  system_stm32l0xx.o [1]
PendSV_Handler          0x08003827     0x2  Code  Gb  stm32l0xx_it.o [1]
RCC_SetFlashLatencyFromMSIRange
                        0x080033a9    0x5e  Code  Lc  stm32l0xx_hal_rcc.o [1]
Region$$Table$$Base     0x080037c4           --   Gb  - Linker created -
Region$$Table$$Limit    0x080037d8           --   Gb  - Linker created -
SPI_Delay               0x08002ab9     0xa  Code  Gb  Display_EPD_W21_spi.o [1]
SPI_Write               0x08002ac3    0x42  Code  Gb  Display_EPD_W21_spi.o [1]
SVC_Handler             0x08003825     0x2  Code  Gb  stm32l0xx_it.o [1]
SysTick_Handler         0x08003829     0xc  Code  Gb  stm32l0xx_it.o [1]
SystemClock_Config      0x08003555    0x72  Code  Gb  main.o [1]
SystemCoreClock         0x20000000     0x4  Data  Gb  system_stm32l0xx.o [1]
SystemInit              0x080036f9    0x40  Code  Gb  system_stm32l0xx.o [1]
Ultrachip               0x0800020d    0x16  Code  Gb  Display_EPD_W21.o [1]
Ultrachip_red           0x08000225    0x14  Code  Gb  Display_EPD_W21.o [1]
__aeabi_idiv0           0x08003525          Code  Gb  IntDivZer.o [4]
__cmain                 0x080037d9          Code  Gb  cmain.o [4]
__exit                  0x0800380d    0x14  Code  Gb  exit.o [5]
__iar_copy_init3        0x0800376d    0x30  Code  Gb  copy_init3.o [4]
__iar_data_init3        0x0800379d    0x28  Code  Gb  data_init.o [4]
__iar_program_start     0x08003855          Code  Gb  cstartup_M.o [4]
__iar_small_uidiv       0x08003459          Code  Gb  I32DivMod.o [4]
__iar_small_uidivmod    0x08003459          Code  Gb  I32DivMod.o [4]
__iar_systems$$module {Abs}
                        0x00000001          Data  Gb  command line/config [2]
__low_level_init        0x080037f3     0x4  Code  Gb  low_level_init.o [3]
__vector_table          0x08000000          Data  Gb  startup_stm32l053xx.o [1]
_call_main              0x080037e5          Code  Gb  cmain.o [4]
_exit                   0x08003801          Code  Gb  cexit.o [4]
_main                   0x080037ef          Code  Gb  cmain.o [4]
driver_delay_us         0x080000e1     0xa  Code  Gb  Display_EPD_W21.o [1]
driver_delay_xms        0x080000eb     0xc  Code  Gb  Display_EPD_W21.o [1]
exit                    0x080037f7     0x8  Code  Gb  exit.o [3]
lcd_chkstatus           0x0800038d    0x1c  Code  Gb  Display_EPD_W21.o [1]
lut_b                   0x080002e4    0x10  Data  Gb  Display_EPD_W21.o [1]
lut_bw                  0x08000259    0x6c  Code  Gb  Display_EPD_W21.o [1]
lut_g1                  0x080002f4    0x10  Data  Gb  Display_EPD_W21.o [1]
lut_g2                  0x08000304    0x10  Data  Gb  Display_EPD_W21.o [1]
lut_red                 0x08000315    0x3a  Code  Gb  Display_EPD_W21.o [1]
lut_red0                0x0800036c    0x10  Data  Gb  Display_EPD_W21.o [1]
lut_red1                0x0800037c    0x10  Data  Gb  Display_EPD_W21.o [1]
lut_vcom0               0x080002c4    0x10  Data  Gb  Display_EPD_W21.o [1]
lut_vcom1               0x0800035c    0x10  Data  Gb  Display_EPD_W21.o [1]
lut_w                   0x080002d4    0x10  Data  Gb  Display_EPD_W21.o [1]
main                    0x08003529    0x2c  Code  Gb  main.o [1]
pic_display             0x080001f3    0x18  Code  Gb  Display_EPD_W21.o [1]
uwTick                  0x20000004     0x4  Data  Gb  stm32l0xx_hal.o [1]


[1] = C:\Users\dimka\Documents\GitHub\stm32-iar\gooddisplay2\EWARM\gooddisplay2\Obj
[2] = command line
[3] = dl6M_tlf.a
[4] = rt6M_tl.a
[5] = shb_l.a

  14 456 bytes of readonly  code memory
      28 bytes of readonly  data memory
   1 032 bytes of readwrite data memory

Errors: none
Warnings: none
